<html>
<body>
<pre>
<h1>µVision Build Log</h1>
<h2>Tool Versions:</h2>
IDE-Version: µVision V5.21.1.0
Copyright (C) 2016 ARM Ltd and ARM Germany GmbH. All rights reserved.
License Information: abc aa, abc, LIC=----
 
Tool Versions:
Toolchain:       MDK-Lite  Version: 5.21a
Toolchain Path:  C:\Keil_v5\ARM\ARMCC\Bin
C Compiler:      Armcc.exe V5.06 update 3 (build 300)
Assembler:       Armasm.exe V5.06 update 3 (build 300)
Linker/Locator:  ArmLink.exe V5.06 update 3 (build 300)
Library Manager: ArmAr.exe V5.06 update 3 (build 300)
Hex Converter:   FromElf.exe V5.06 update 3 (build 300)
CPU DLL:         SARMCM3.DLL V5.21a
Dialog DLL:      DCM.DLL V1.13.8.0
Target DLL:      STLink\ST-LINKIII-KEIL_SWO.dll V2.0.18.0
Dialog DLL:      TCM.DLL V1.14.14.0
 
<h2>Project:</h2>
E:\C\GIT\STM32F4_Smart_Home\Application\DIY_Smart_Home.uvprojx
Project File Date:  01/09/2018

<h2>Output:</h2>
*** Using Compiler 'V5.06 update 3 (build 300)', folder: 'C:\Keil_v5\ARM\ARMCC\Bin'
Rebuild target 'Target 1'
compiling gpio_driver.c...
compiling main.c...
Src\../UnitTesting/utilities/ut_utilities.h(9): warning:  #1-D: last line of file ends without a newline
  #endif /* UT_UTILITIES_H_ */
Src\../UnitTesting/ut_gpio_driver.h(10): warning:  #1-D: last line of file ends without a newline
  #endif /* UT_GPIO_DRIVER_H_ */
Src\../UnitTesting/ut_main.h(10): warning:  #1-D: last line of file ends without a newline
  #endif /* UT_MAIN_H */
Src\main.c(26): warning:  #223-D: function "runAllTest" declared implicitly
        runAllTest();
Src\main.c: 4 warnings, 0 errors
compiling uart_driver.c...
compiling mfrc522.c...
Src\mfrc522.c(11): warning:  #177-D: variable "hardReset" was declared but never referenced
        Bool hardReset = False;
Src\mfrc522.c(47): warning:  #177-D: variable "address" was declared but never referenced
        uint8_t address = 0x80 | reg;                           // MSB == 1 is for reading. LSB is not used in address. Datasheet section 8.1.2.3.
Src\mfrc522.c(320): warning:  #188-D: enumerated type mixed with another type
        result = 0;//duatPCD_TransceiveData(buffer, sizeof(buffer), NULL, 0);
Src\mfrc522.c(481): warning:  #188-D: enumerated type mixed with another type
                        invertedError = (c1 != (~c1_ & 0xF)) || (c2 != (~c2_ & 0xF)) || (c3 != (~c3_ & 0xF));
Src\mfrc522.c(495): warning:  #188-D: enumerated type mixed with another type
                        firstInGroup = (group == 3) || (group != (blockOffset + 1) / 5);
Src\mfrc522.c(510): warning:  #177-D: variable "value" was declared but never referenced
                        int32_t value = ((int32_t)buffer[3]<<24) | ((int32_t)buffer[2]<<16) | ((int32_t)buffer[1]<<8) | (int32_t)buffer[0];
Src\mfrc522.c: 6 warnings, 0 errors
compiling spi_driver.c...
compiling ut_gpio_driver.c...
UnitTesting\utilities/ut_utilities.h(9): warning:  #1-D: last line of file ends without a newline
  #endif /* UT_UTILITIES_H_ */
UnitTesting\ut_gpio_driver.h(10): warning:  #1-D: last line of file ends without a newline
  #endif /* UT_GPIO_DRIVER_H_ */
UnitTesting\ut_gpio_driver.c: 2 warnings, 0 errors
compiling unity.c...
compiling ut_utilities.c...
UnitTesting\utilities\ut_utilities.h(9): warning:  #1-D: last line of file ends without a newline
  #endif /* UT_UTILITIES_H_ */
UnitTesting\utilities\ut_utilities.c(5): warning:  #1-D: last line of file ends without a newline
  }
UnitTesting\utilities\ut_utilities.c: 2 warnings, 0 errors
compiling ut_main.c...
UnitTesting\utilities/ut_utilities.h(9): warning:  #1-D: last line of file ends without a newline
  #endif /* UT_UTILITIES_H_ */
UnitTesting\ut_gpio_driver.h(10): warning:  #1-D: last line of file ends without a newline
  #endif /* UT_GPIO_DRIVER_H_ */
UnitTesting\ut_main.h(10): warning:  #1-D: last line of file ends without a newline
  #endif /* UT_MAIN_H */
UnitTesting\ut_main.c(18): warning:  #1-D: last line of file ends without a newline
  }
UnitTesting\ut_main.c(18): warning:  #940-D: missing return statement at end of non-void function "runAllTest"
  }
UnitTesting\ut_main.c: 5 warnings, 0 errors
compiling retarget_io.c...
assembling startup_stm32f407xx.s...
compiling system_stm32f4xx.c...
linking...
Program Size: Code=4664 RO-data=968 RW-data=12 ZI-data=2092  
FromELF: creating hex file...
".\Objects\DIY_Smart_Home.axf" - 0 Error(s), 19 Warning(s).

<h2>Software Packages used:</h2>

Package Vendor: ARM
                http://www.keil.com/pack/ARM.CMSIS.5.0.0-Beta4.pack
                ARM::CMSIS:CORE:5.0.0
                CMSIS (Cortex Microcontroller Software Interface Standard)
   * Component: CORE Version: 5.0.0

Package Vendor: Keil
                http://www.keil.com/pack/Keil.ARM_Compiler.1.1.1.pack
                Keil::Compiler:I/O:STDIN:ITM:1.1.0
                Keil ARM Compiler extensions
   * Component: STDIN Variant: ITM Version: 1.1.0
   * Component: STDOUT Variant: ITM Version: 1.1.0
   * Component: STDERR Variant: ITM Version: 1.1.0

Package Vendor: Keil
                http://www.keil.com/pack/Keil.STM32F4xx_DFP.2.9.0.pack
                Keil::Device:Startup:2.5.0
                STMicroelectronics STM32F4 Series Device Support, Drivers and Examples
   * Component: Startup Version: 2.5.0

<h2>Collection of Component include folders:</h2>
  E:\C\GIT\STM32F4_Smart_Home\Application\RTE
  C:\Keil_v5\ARM\PACK\ARM\CMSIS\5.0.0-Beta4\CMSIS\Include
  C:\Keil_v5\ARM\PACK\Keil\STM32F4xx_DFP\2.9.0\Drivers\CMSIS\Device\ST\STM32F4xx\Include

<h2>Collection of Component Files used:</h2>

   * Component: ARM::CMSIS:CORE:5.0.0

   * Component: Keil::Compiler:I/O:STDIN:ITM:1.1.0
      Source file:   Source\retarget_io.c

   * Component: Keil::Compiler:I/O:STDOUT:ITM:1.1.0
      Source file:   Source\retarget_io.c

   * Component: Keil::Compiler:I/O:STDERR:ITM:1.1.0
      Source file:   Source\retarget_io.c

   * Component: Keil::Device:Startup:2.5.0
      Source file:   MDK\Device\Source\ARM\STM32F40xxx_41xxx_OPT.s
      Source file:   MDK\Device\Source\ARM\STM32F4xx_OTP.s
      Include file:  Drivers\CMSIS\Device\ST\STM32F4xx\Include\stm32f4xx.h
      Source file:   Drivers\CMSIS\Device\ST\STM32F4xx\Source\Templates\arm\startup_stm32f407xx.s
      Source file:   Drivers\CMSIS\Device\ST\STM32F4xx\Source\Templates\system_stm32f4xx.c
Build Time Elapsed:  00:00:05
</pre>
</body>
</html>
